<html>
<body>
<pre>
<h1>µVision Build Log</h1>
<h2>Tool Versions:</h2>
IDE-Version: ¦ÌVision V5.17.0.0
Copyright (C) 2015 ARM Ltd and ARM Germany GmbH. All rights reserved.
License Information: jojo jojo, c&d, LIC=65III-T0IMJ-LCAJF-6GCI2-SR47L-AQXC5
 
Tool Versions:
Toolchain:       MDK-ARM Standard  Version: 5.17
Toolchain Path:  C:\Keil_v5\ARM\ARMCC\Bin
C Compiler:      Armcc.exe V5.06 update 1 (build 61)
Assembler:       Armasm.exe V5.06 update 1 (build 61)
Linker/Locator:  ArmLink.exe V5.06 update 1 (build 61)
Library Manager: ArmAr.exe V5.06 update 1 (build 61)
Hex Converter:   FromElf.exe V5.06 update 1 (build 61)
CPU DLL:         SARMCM3.DLL V5.17
Dialog DLL:      DCM.DLL V1.13.4.0
Target DLL:      UL2CM3.DLL V1.156.1.0
Dialog DLL:      TCM.DLL V1.14.6.0
 
<h2>Project:</h2>
E:\zxy_study\tinyOS\c3.03 tinyOS\tinyOS.uvprojx
Project File Date:  05/22/2018

<h2>Output:</h2>
*** Using Compiler 'V5.06 update 1 (build 61)', folder: 'C:\Keil_v5\ARM\ARMCC\Bin'
Rebuild target 'Target 1'
assembling startup_ARMCM3.s...
compiling tBitmap.c...
compiling system_ARMCM3.c...
compiling switch.c...
compiling main.c...
linking...
Program Size: Code=1436 RO-data=480 RW-data=68 ZI-data=16484  
".\Objects\tinyOS.axf" - 0 Error(s), 0 Warning(s).

<h2>Software Packages used:</h2>

Package Vendor: ARM
                http://www.keil.com/pack/ARM.CMSIS.4.5.0.pack
                ARM::Device:Startup:1.0.1
                CMSIS (Cortex Microcontroller Software Interface Standard)
   * Component: Startup Version: 1.0.1
   * Component: CORE Version: 4.3.0

<h2>Collection of Component include folders:</h2>
  E:\zxy_study\tinyOS\c3.03 tinyOS\RTE
  C:\Keil_v5\ARM\PACK\ARM\CMSIS\4.5.0\CMSIS\Include
  C:\Keil_v5\ARM\PACK\ARM\CMSIS\4.5.0\Device\ARM\ARMCM3\Include

<h2>Collection of Component Files used:</h2>

   * Component: ARM::Device:Startup:1.0.1
      Source file:   Device\ARM\ARMCM3\Source\system_ARMCM3.c
      Include file:  Device\ARM\ARMCM3\Include\ARMCM3.h
      Source file:   Device\ARM\ARMCM3\Source\ARM\startup_ARMCM3.s

   * Component: ARM::CMSIS:CORE:4.3.0
Build Time Elapsed:  00:00:00
</pre>
</body>
</html>
